// Jest Snapshot v1, https://goo.gl/fbAQLP

exports[`ProductTable Renders ProductTable Componnent when valid data passed 1`] = `
<DocumentFragment>
  <div
    class="sc-bwzfXH iyXQWR"
  >
    <table
      class="sc-htpNat KtFsv"
    >
      <tbody>
        <tr
          class="sc-bxivhb eqWZMb"
        >
          <th
            class="sc-ifAKCX iCNBXQ"
          >
            NAME
          </th>
          <th
            class="sc-ifAKCX iCNBXQ"
          >
            DESCRIPTION
          </th>
          <th
            class="sc-ifAKCX iCNBXQ"
          >
            PHOTO
          </th>
          <th
            class="sc-ifAKCX iCNBXQ"
          >
            QUANTITY
          </th>
          <th
            class="sc-ifAKCX iCNBXQ"
          >
            BUY NOW
          </th>
        </tr>
        <tr
          class="sc-bxivhb eqWZMb"
        >
          <td
            class="sc-EHOje eWHMDo"
          >
            Bio-ove
          </td>
          <td
            class="sc-EHOje eWHMDo"
          >
            With a philosophical flourish Cato throws himself upon his sword; I quietly take to the ship.
          </td>
          <td
            class="sc-EHOje eWHMDo"
          >
            <img
              alt="product_image"
              src="https://via.placeholder.com/64"
            />
          </td>
          <td
            class="sc-EHOje eWHMDo"
          >
            13
          </td>
          <td
            class="sc-EHOje eWHMDo"
          >
            <button
              class="sc-bdVaJa cIoHTR"
            >
              Buy Now
            </button>
          </td>
        </tr>
      </tbody>
    </table>
  </div>
</DocumentFragment>
`;
